// Jest Snapshot v1, https://goo.gl/fbAQLP

exports[`CartItem renders correctly 1`] = `
<View
  style={
    {
      "borderBottomColor": "#eee",
      "borderBottomWidth": 1,
      "flex": 1,
      "flexDirection": "row",
      "padding": 10,
    }
  }
>
  <Image
    source={
      {
        "uri": "https://via.placeholder.com/150",
      }
    }
    style={
      {
        "height": 100,
        "marginRight": 10,
        "width": 100,
      }
    }
  />
  <View
    style={
      {
        "alignItems": "flex-start",
        "justifyContent": "center",
      }
    }
  >
    <Text
      style={
        {
          "fontSize": 18,
          "fontWeight": "bold",
        }
      }
    >
      Test
    </Text>
    <Text
      style={
        {
          "color": "#888",
          "fontSize": 18,
        }
      }
    >
      $
      100
    </Text>
  </View>
</View>
`;
